// Jest Snapshot v1, https://goo.gl/fbAQLP

exports[`circular 1`] = `
Object {
  "Commit": Object {
    "circular": Array [
      "User",
      "Commit",
    ],
    "resolved": Array [
      "Tree",
      "User",
      "Ref",
      "Commit",
    ],
    "unresolved": Array [
      "Commit",
      "Tree",
      "User",
      "Ref",
    ],
  },
  "EVERYTHING_INCLUDED": Object {
    "circular": Array [
      "User",
      "Commit",
    ],
    "resolved": Array [
      "Tree",
      "User",
      "Ref",
      "Commit",
      "EVERYTHING_INCLUDED",
    ],
    "unresolved": Array [
      "EVERYTHING_INCLUDED",
      "Tree",
      "Commit",
      "User",
      "Ref",
    ],
  },
  "Ref": Object {
    "circular": Array [
      "User",
      "Ref",
    ],
    "resolved": Array [
      "Tree",
      "User",
      "Commit",
      "Ref",
    ],
    "unresolved": Array [
      "Ref",
      "Commit",
      "Tree",
      "User",
    ],
  },
  "Tree": Object {
    "circular": Array [],
    "resolved": Array [
      "Tree",
    ],
    "unresolved": Array [
      "Tree",
    ],
  },
  "User": Object {
    "circular": Array [
      "User",
    ],
    "resolved": Array [
      "User",
    ],
    "unresolved": Array [
      "User",
    ],
  },
}
`;
